><template lang="pug">
#^ source.svelte meta.template.svelte meta.tag.start.svelte punctuation.definition.tag.begin.svelte
# ^^^^^^^^ source.svelte meta.template.svelte meta.tag.start.svelte entity.name.tag.svelte
#         ^ source.svelte meta.template.svelte meta.lang.pug.svelte meta.tag.start.svelte
#          ^^^^ source.svelte meta.template.svelte meta.lang.pug.svelte meta.tag.start.svelte meta.attribute.lang.svelte entity.other.attribute-name.svelte
#              ^ source.svelte meta.template.svelte meta.lang.pug.svelte meta.tag.start.svelte meta.attribute.lang.svelte punctuation.separator.key-value.svelte
#               ^ source.svelte meta.template.svelte meta.lang.pug.svelte meta.tag.start.svelte meta.attribute.lang.svelte string.quoted.svelte punctuation.definition.string.begin.svelte
#                ^^^ source.svelte meta.template.svelte meta.lang.pug.svelte meta.tag.start.svelte meta.attribute.lang.svelte string.quoted.svelte
#                   ^ source.svelte meta.template.svelte meta.lang.pug.svelte meta.tag.start.svelte meta.attribute.lang.svelte string.quoted.svelte punctuation.definition.string.end.svelte
#                    ^ source.svelte meta.template.svelte meta.lang.pug.svelte meta.tag.start.svelte punctuation.definition.tag.end.svelte
>    ul
#^^^^^^^ source.svelte meta.template.svelte meta.lang.pug.svelte meta.embedded.block.svelte text.pug
></template>
#^^ source.svelte meta.template.svelte meta.tag.end.svelte punctuation.definition.tag.begin.svelte
#  ^^^^^^^^ source.svelte meta.template.svelte meta.tag.end.svelte entity.name.tag.svelte
#          ^ source.svelte meta.template.svelte meta.tag.end.svelte punctuation.definition.tag.end.svelte
>