><style lang="postcss">
#^ source.svelte meta.style.svelte meta.tag.start.svelte punctuation.definition.tag.begin.svelte
# ^^^^^ source.svelte meta.style.svelte meta.tag.start.svelte entity.name.tag.svelte
#      ^ source.svelte meta.style.svelte meta.lang.postcss.svelte meta.tag.start.svelte
#       ^^^^ source.svelte meta.style.svelte meta.lang.postcss.svelte meta.tag.start.svelte meta.attribute.lang.svelte entity.other.attribute-name.svelte
#           ^ source.svelte meta.style.svelte meta.lang.postcss.svelte meta.tag.start.svelte meta.attribute.lang.svelte punctuation.separator.key-value.svelte
#            ^ source.svelte meta.style.svelte meta.lang.postcss.svelte meta.tag.start.svelte meta.attribute.lang.svelte string.quoted.svelte punctuation.definition.string.begin.svelte
#             ^^^^^^^ source.svelte meta.style.svelte meta.lang.postcss.svelte meta.tag.start.svelte meta.attribute.lang.svelte string.quoted.svelte
#                    ^ source.svelte meta.style.svelte meta.lang.postcss.svelte meta.tag.start.svelte meta.attribute.lang.svelte string.quoted.svelte punctuation.definition.string.end.svelte
#                     ^ source.svelte meta.style.svelte meta.lang.postcss.svelte meta.tag.start.svelte punctuation.definition.tag.end.svelte
>    .b {}
#^^^^ source.svelte meta.style.svelte meta.lang.postcss.svelte meta.embedded.block.svelte source.css.postcss
#    ^ source.svelte meta.style.svelte meta.lang.postcss.svelte meta.embedded.block.svelte source.css.postcss entity.other.attribute-name.class.css.postcss
#     ^ source.svelte meta.style.svelte meta.lang.postcss.svelte meta.embedded.block.svelte source.css.postcss entity.other.attribute-name.class.css.postcss
#      ^^^^ source.svelte meta.style.svelte meta.lang.postcss.svelte meta.embedded.block.svelte source.css.postcss
></style>
#^^ source.svelte meta.style.svelte meta.tag.end.svelte punctuation.definition.tag.begin.svelte
#  ^^^^^ source.svelte meta.style.svelte meta.tag.end.svelte entity.name.tag.svelte
#       ^ source.svelte meta.style.svelte meta.tag.end.svelte punctuation.definition.tag.end.svelte
>